// Vitest Snapshot v1

exports[`hash 1`] = `"50D858E"`;
